// Jest Snapshot v1, https://goo.gl/fbAQLP

exports[`should render the EditExpensePage 1`] = `
<div>
  <div
    className="page-header"
  >
    <div
      className="content-container"
    >
      <h2
        className="page-header__title"
      >
        Edit Expense
      </h2>
    </div>
  </div>
  <div
    className="content-container"
  >
    <ExpenseForm
      expense={
        Object {
          "amount": 5000,
          "createdAt": 1000,
          "description": "a",
          "id": "adfasfda",
          "note": "",
        }
      }
      onSubmit={[Function]}
    />
    <button
      className="btn btn--animate btn--remove"
      onClick={[Function]}
    >
      Remove
    </button>
  </div>
</div>
`;
