// Jest Snapshot v1, https://goo.gl/fbAQLP

exports[`should render Header correctly 1`] = `
<header>
  <h1>
    Expensify App
  </h1>
  <NavLink
    activeClassName="is-active"
    aria-current="page"
    to="/dashboard"
  >
    ExpenseList
  </NavLink>
  <span>
     | 
  </span>
  <NavLink
    activeClassName="is-active"
    aria-current="page"
    to="/create"
  >
    AddNewExpense
  </NavLink>
  <button
    onClick={[Function]}
  >
    Logout
  </button>
</header>
`;
